2025-10-21T20:48:59.254+0100	INFO	Logger constructed
2025-10-21T20:48:59.254+0100	INFO	App starting
2025-10-21T20:48:59.254+0100	INFO	Config file loaded
2025-10-21T20:49:30.175+0100	INFO	Logger constructed
2025-10-21T20:49:30.175+0100	INFO	App starting
2025-10-21T20:49:30.175+0100	INFO	DATABASE_URL env var found, skipping dbconfig...
2025-10-21T20:49:30.175+0100	INFO	Starting HTTP server on :3000
2025-10-28T18:27:58.546Z	INFO	Logger constructed
2025-10-28T18:27:58.547Z	INFO	App starting
2025-10-28T18:27:58.547Z	INFO	Config file loaded
2025-10-28T18:28:30.975Z	INFO	Logger constructed
2025-10-28T18:28:30.975Z	INFO	App starting
2025-10-28T18:28:30.975Z	INFO	Config file loaded
2025-10-28T18:28:37.422Z	INFO	Logger constructed
2025-10-28T18:28:37.422Z	INFO	App starting
2025-10-28T18:28:37.422Z	INFO	DATABASE_URL env var found, skipping dbconfig...
2025-10-28T18:28:37.422Z	INFO	Starting HTTP server on :3000
2025-10-29T21:33:33.701Z	INFO	Logger constructed
2025-10-29T21:33:33.702Z	INFO	App starting
2025-10-29T21:33:33.702Z	INFO	DATABASE_URL env var found, skipping dbconfig...
2025-10-29T21:33:33.703Z	INFO	Starting HTTP server on :3000
2025-10-29T21:35:16.260Z	INFO	Request complete	{"method": "PUT", "path": "/register", "status": 404}
2025-10-29T21:35:28.056Z	INFO	Request complete	{"method": "PUT", "path": "/", "status": 405}
2025-10-29T21:35:32.646Z	INFO	Request complete	{"method": "PUT", "path": "/register/", "status": 404}
2025-10-29T21:36:08.515Z	INFO	Logger constructed
2025-10-29T21:36:08.515Z	INFO	App starting
2025-10-29T21:36:08.515Z	INFO	DATABASE_URL env var found, skipping dbconfig...
2025-10-29T21:36:08.515Z	INFO	Starting HTTP server on :3000
2025-10-29T21:36:47.915Z	INFO	Request complete	{"method": "POST", "path": "/register/", "status": 404}
2025-10-29T21:36:56.062Z	WARN	Request failed	{"method": "POST", "path": "/register", "status": 500}
2025-10-29T21:38:31.022Z	WARN	Request failed	{"method": "POST", "path": "/register", "status": 500}
2025-10-29T21:41:44.080Z	INFO	Logger constructed
2025-10-29T21:41:44.080Z	INFO	App starting
2025-10-29T21:41:44.080Z	INFO	DATABASE_URL env var found, skipping dbconfig...
2025-10-29T21:41:44.080Z	INFO	Starting HTTP server on :3000
2025-10-29T21:41:49.023Z	WARN	Request failed	{"method": "POST", "path": "/register", "status": 500}
2025-10-29T21:42:29.792Z	INFO	Logger constructed
2025-10-29T21:42:29.792Z	INFO	App starting
2025-10-29T21:42:29.792Z	INFO	DATABASE_URL env var found, skipping dbconfig...
2025-10-29T21:42:29.792Z	INFO	Starting HTTP server on :3000
2025-10-29T21:42:35.812Z	WARN	Request failed	{"method": "POST", "path": "/register", "status": 500}
2025-10-29T21:45:12.770Z	INFO	Logger constructed
2025-10-29T21:45:12.771Z	INFO	App starting
2025-10-29T21:45:12.771Z	INFO	DATABASE_URL env var found, skipping dbconfig...
2025-10-29T21:45:12.771Z	INFO	Starting HTTP server on :3000
2025-10-29T21:45:16.018Z	WARN	Request failed	{"method": "POST", "path": "/register", "status": 500}
2025-10-29T21:45:46.589Z	INFO	Logger constructed
2025-10-29T21:45:46.589Z	INFO	App starting
2025-10-29T21:45:46.589Z	INFO	DATABASE_URL env var found, skipping dbconfig...
2025-10-29T21:45:46.590Z	INFO	Starting HTTP server on :3000
2025-10-29T21:45:49.041Z	WARN	Request failed	{"method": "POST", "path": "/register", "status": 500}
2025-10-29T21:47:29.398Z	INFO	Logger constructed
2025-10-29T21:47:29.398Z	INFO	App starting
2025-10-29T21:47:29.398Z	INFO	DATABASE_URL env var found, skipping dbconfig...
2025-10-29T21:47:29.398Z	INFO	Starting HTTP server on :3000
2025-10-29T21:47:31.601Z	INFO	Request complete	{"method": "POST", "path": "/register", "status": 201}
2025-10-29T21:57:41.572Z	INFO	Logger constructed
2025-10-29T21:57:41.573Z	INFO	App starting
2025-10-29T21:57:41.573Z	INFO	DATABASE_URL env var found, skipping dbconfig...
2025-10-29T21:57:41.573Z	INFO	Starting HTTP server on :3000
2025-10-29T21:57:43.580Z	INFO	Request complete	{"method": "POST", "path": "/register", "status": 201}
2025-10-29T21:58:26.213Z	INFO	Request complete	{"method": "POST", "path": "/login", "status": 401}
2025-10-29T21:58:28.157Z	INFO	Request complete	{"method": "POST", "path": "/login", "status": 401}
2025-10-29T22:07:22.956Z	INFO	Logger constructed
2025-10-29T22:07:22.956Z	INFO	App starting
2025-10-29T22:07:22.956Z	INFO	DATABASE_URL env var found, skipping dbconfig...
2025-10-29T22:07:22.956Z	INFO	Starting HTTP server on :3000
2025-10-29T22:07:28.487Z	INFO	Request complete	{"method": "POST", "path": "/login", "status": 401}
2025-10-29T22:07:30.275Z	INFO	Request complete	{"method": "POST", "path": "/login", "status": 401}
2025-10-29T22:07:34.517Z	INFO	Request complete	{"method": "POST", "path": "/login", "status": 401}
2025-10-29T22:08:43.594Z	INFO	Logger constructed
2025-10-29T22:08:43.594Z	INFO	App starting
2025-10-29T22:08:43.594Z	INFO	DATABASE_URL env var found, skipping dbconfig...
2025-10-29T22:08:43.594Z	INFO	Starting HTTP server on :3000
2025-10-29T22:08:45.767Z	INFO	Request complete	{"method": "POST", "path": "/login", "status": 401}
2025-10-29T22:10:42.820Z	INFO	Logger constructed
2025-10-29T22:10:42.820Z	INFO	App starting
2025-10-29T22:10:42.820Z	INFO	DATABASE_URL env var found, skipping dbconfig...
2025-10-29T22:10:42.820Z	INFO	Starting HTTP server on :3000
2025-10-29T22:13:00.952Z	INFO	Logger constructed
2025-10-29T22:13:00.952Z	INFO	App starting
2025-10-29T22:13:00.952Z	INFO	DATABASE_URL env var found, skipping dbconfig...
2025-10-29T22:13:00.952Z	INFO	Starting HTTP server on :3000
2025-10-29T22:15:17.208Z	INFO	Logger constructed
2025-10-29T22:15:17.208Z	INFO	App starting
2025-10-29T22:15:17.208Z	INFO	DATABASE_URL env var found, skipping dbconfig...
2025-10-29T22:15:17.208Z	INFO	Starting HTTP server on :3000
2025-10-29T22:15:21.180Z	INFO	User user logged in
2025-10-29T22:15:21.180Z	INFO	Session created for user: user
2025-10-29T22:15:21.180Z	INFO	Request complete	{"method": "POST", "path": "/login", "status": 0}
2025-10-29T22:15:25.403Z	INFO	User user logged in
2025-10-29T22:15:25.403Z	INFO	Session created for user: user
2025-10-29T22:15:25.403Z	INFO	Request complete	{"method": "POST", "path": "/login", "status": 0}
2025-10-29T22:15:37.565Z	WARN	Request failed	{"method": "POST", "path": "/register", "status": 500}
2025-10-29T22:16:18.252Z	INFO	Request complete	{"method": "GET", "path": "/destroy", "status": 404}
2025-10-29T22:16:30.702Z	INFO	Request complete	{"method": "GET", "path": "/logout", "status": 0}
2025-10-29T22:24:17.566Z	INFO	Logger constructed
2025-10-29T22:24:17.566Z	INFO	App starting
2025-10-29T22:24:17.566Z	INFO	DATABASE_URL env var found, skipping dbconfig...
2025-10-29T22:24:17.566Z	INFO	Starting HTTP server on :3000
2025-10-29T22:24:21.602Z	INFO	Request complete	{"method": "GET", "path": "/logout", "status": 0}
2025-10-29T22:24:26.380Z	INFO	User user logged in
2025-10-29T22:24:26.381Z	INFO	Session created for user: user
2025-10-29T22:24:26.381Z	INFO	Request complete	{"method": "POST", "path": "/login", "status": 0}
2025-10-29T22:24:32.369Z	INFO	Request complete	{"method": "GET", "path": "/logout", "status": 0}
2025-10-29T22:24:36.876Z	WARN	Request failed	{"method": "POST", "path": "/register", "status": 500}
2025-11-12T18:03:37.150Z	INFO	Logger constructed
2025-11-12T18:03:37.150Z	INFO	App starting
2025-11-12T18:03:37.151Z	INFO	Config file loaded
2025-11-12T18:04:35.683Z	INFO	Logger constructed
2025-11-12T18:04:35.683Z	INFO	App starting
2025-11-12T18:04:35.684Z	INFO	Config file loaded
2025-11-12T18:05:18.281Z	INFO	Password accepted
2025-11-12T18:05:18.281Z	INFO	Starting HTTP server on :3000
2025-11-12T18:05:38.944Z	INFO	Logger constructed
2025-11-12T18:05:38.944Z	INFO	App starting
2025-11-12T18:05:38.944Z	INFO	Config file loaded
2025-11-12T18:05:40.508Z	INFO	Password accepted
2025-11-12T18:05:40.508Z	INFO	Starting HTTP server on :3000
2025-11-12T18:07:16.944Z	INFO	Logger constructed
2025-11-12T18:07:16.944Z	INFO	App starting
2025-11-12T18:07:16.944Z	INFO	DATABASE_URL env var found, skipping dbconfig...
2025-11-12T18:07:16.944Z	INFO	Starting HTTP server on :3000
2025-11-12T18:09:37.833Z	INFO	Request complete	{"method": "GET", "path": "/applications", "status": 401}
2025-11-12T18:13:04.975Z	INFO	Request complete	{"method": "GET", "path": "/applications", "status": 401}
2025-11-12T18:14:34.455Z	INFO	Request complete	{"method": "GET", "path": "/applications", "status": 401}
2025-11-12T18:14:58.003Z	INFO	Request complete	{"method": "GET", "path": "/applications", "status": 401}
2025-11-12T18:15:12.689Z	INFO	Request complete	{"method": "GET", "path": "/applications", "status": 401}
2025-11-12T18:15:48.354Z	INFO	Request complete	{"method": "GET", "path": "/applications", "status": 401}
2025-11-12T18:17:55.804Z	INFO	Request complete	{"method": "GET", "path": "/applications", "status": 401}
2025-11-12T18:19:17.084Z	INFO	Request complete	{"method": "GET", "path": "/applications", "status": 401}
2025-11-21T19:05:55.539Z	INFO	Logger constructed
2025-11-21T19:05:55.539Z	INFO	App starting
2025-11-21T19:05:55.539Z	INFO	Config file loaded
2025-11-21T19:06:59.257Z	INFO	Logger constructed
2025-11-21T19:06:59.257Z	INFO	App starting
2025-11-21T19:06:59.257Z	INFO	DATABASE_URL env var found, skipping dbconfig...
2025-11-21T19:06:59.257Z	INFO	Starting HTTP server on :4000
2025-11-21T19:07:53.471Z	INFO	Logger constructed
2025-11-21T19:07:53.471Z	INFO	App starting
2025-11-21T19:07:53.471Z	INFO	DATABASE_URL env var found, skipping dbconfig...
2025-11-21T19:07:53.471Z	INFO	Starting HTTP server on :4000
2025-11-21T19:11:29.157Z	INFO	Request complete	{"method": "GET", "path": "/applications", "status": 401}
2025-11-21T19:24:54.849Z	INFO	Logger constructed
2025-11-21T19:24:54.849Z	INFO	App starting
2025-11-21T19:24:54.849Z	INFO	DATABASE_URL env var found, skipping dbconfig...
2025-11-21T19:24:54.849Z	INFO	Starting HTTP server on :4000
2025-11-21T19:25:10.294Z	INFO	Request complete	{"method": "OPTIONS", "path": "/login", "status": 405}
2025-11-21T19:25:12.941Z	INFO	Request complete	{"method": "OPTIONS", "path": "/login", "status": 405}
2025-11-21T19:25:16.467Z	INFO	Request complete	{"method": "OPTIONS", "path": "/login", "status": 405}
2025-11-21T19:25:31.104Z	INFO	Request complete	{"method": "OPTIONS", "path": "/login", "status": 405}
2025-11-21T19:26:07.229Z	INFO	Request complete	{"method": "OPTIONS", "path": "/login", "status": 405}
2025-11-21T19:26:19.859Z	INFO	Request complete	{"method": "OPTIONS", "path": "/login", "status": 405}
2025-11-21T19:26:33.092Z	INFO	Request complete	{"method": "OPTIONS", "path": "/login", "status": 405}
2025-11-21T19:26:54.126Z	INFO	Request complete	{"method": "OPTIONS", "path": "/login", "status": 405}
2025-11-21T19:27:07.437Z	INFO	Request complete	{"method": "OPTIONS", "path": "/login", "status": 405}
2025-11-21T19:31:18.505Z	WARN	Request failed	{"method": "POST", "path": "/login", "status": 500}
2025-11-21T19:33:53.130Z	INFO	Logger constructed
2025-11-21T19:33:53.130Z	INFO	App starting
2025-11-21T19:33:53.130Z	INFO	DATABASE_URL env var found, skipping dbconfig...
2025-11-21T19:33:53.130Z	INFO	Starting HTTP server on :4000
2025-11-21T19:33:56.553Z	INFO	username field value: 
2025-11-21T19:33:56.680Z	WARN	Request failed	{"method": "POST", "path": "/login", "status": 500}
2025-11-21T19:37:57.594Z	INFO	username field value: 
2025-11-21T19:37:57.719Z	WARN	Request failed	{"method": "POST", "path": "/login", "status": 500}
2025-11-21T19:38:23.525Z	INFO	username field value: 
2025-11-21T19:38:23.550Z	WARN	Request failed	{"method": "POST", "path": "/login", "status": 500}
2025-11-21T19:41:32.659Z	INFO	Request complete	{"method": "OPTIONS", "path": "/login", "status": 405}
2025-11-21T19:41:46.446Z	INFO	username field value: 
2025-11-21T19:41:46.460Z	WARN	Request failed	{"method": "POST", "path": "/login", "status": 500}
2025-11-21T19:42:19.880Z	INFO	Logger constructed
2025-11-21T19:42:19.881Z	INFO	App starting
2025-11-21T19:42:19.881Z	INFO	DATABASE_URL env var found, skipping dbconfig...
2025-11-21T19:42:19.881Z	INFO	Starting HTTP server on :4000
2025-11-21T19:42:23.690Z	INFO	username field value: 
2025-11-21T19:42:23.823Z	WARN	Request failed	{"method": "POST", "path": "/login", "status": 500}
2025-11-21T19:44:38.046Z	INFO	Request complete	{"method": "OPTIONS", "path": "/login", "status": 405}
2025-11-21T19:45:10.025Z	INFO	Request complete	{"method": "OPTIONS", "path": "/login", "status": 405}
2025-11-21T19:46:07.116Z	INFO	Request complete	{"method": "OPTIONS", "path": "/login", "status": 405}
2025-11-21T19:46:16.676Z	INFO	username field value: 
2025-11-21T19:46:16.706Z	WARN	Request failed	{"method": "POST", "path": "/login", "status": 500}
2025-11-21T19:56:11.052Z	INFO	Logger constructed
2025-11-21T19:56:11.052Z	INFO	App starting
2025-11-21T19:56:11.052Z	INFO	DATABASE_URL env var found, skipping dbconfig...
2025-11-21T19:56:11.052Z	INFO	Starting HTTP server on :4000
2025-11-21T19:56:17.600Z	INFO	username field value: 
2025-11-21T19:56:17.785Z	WARN	Request failed	{"method": "POST", "path": "/login", "status": 500}
2025-11-21T20:03:11.749Z	INFO	Logger constructed
2025-11-21T20:03:11.749Z	INFO	App starting
2025-11-21T20:03:11.749Z	INFO	DATABASE_URL env var found, skipping dbconfig...
2025-11-21T20:03:11.749Z	INFO	Starting HTTP server on :4000
2025-11-21T20:05:34.035Z	INFO	Logger constructed
2025-11-21T20:05:34.035Z	INFO	App starting
2025-11-21T20:05:34.035Z	INFO	DATABASE_URL env var found, skipping dbconfig...
2025-11-21T20:05:34.035Z	INFO	Starting HTTP server on :4000
2025-11-21T20:05:36.919Z	INFO	user login request: 
2025-11-21T20:05:37.062Z	WARN	Request failed	{"method": "POST", "path": "/login", "status": 500}
2025-11-21T20:06:02.345Z	INFO	Logger constructed
2025-11-21T20:06:02.345Z	INFO	App starting
2025-11-21T20:06:02.345Z	INFO	DATABASE_URL env var found, skipping dbconfig...
2025-11-21T20:06:02.346Z	INFO	Starting HTTP server on :4000
2025-11-21T20:06:04.954Z	INFO	Request complete	{"method": "POST", "path": "/login", "status": 400}
2025-11-21T20:12:38.724Z	INFO	Logger constructed
2025-11-21T20:12:38.724Z	INFO	App starting
2025-11-21T20:12:38.724Z	INFO	DATABASE_URL env var found, skipping dbconfig...
2025-11-21T20:12:38.724Z	INFO	Starting HTTP server on :4000
2025-11-21T20:12:42.106Z	INFO	user login request: user
2025-11-21T20:12:42.278Z	INFO	Request complete	{"method": "POST", "path": "/login", "status": 200}
2025-11-21T20:12:59.795Z	INFO	Request complete	{"method": "GET", "path": "/applications", "status": 401}
2025-11-21T20:15:41.159Z	INFO	Request complete	{"method": "GET", "path": "/applications", "status": 401}
2025-11-21T20:20:20.906Z	INFO	Request complete	{"method": "GET", "path": "/applications", "status": 401}
2025-11-21T20:22:21.149Z	INFO	user login request: user
2025-11-21T20:22:21.204Z	INFO	Request complete	{"method": "POST", "path": "/login", "status": 200}
2025-11-21T20:22:27.049Z	INFO	Request complete	{"method": "GET", "path": "/applications", "status": 401}
2025-11-21T20:24:25.059Z	INFO	Logger constructed
2025-11-21T20:24:25.059Z	INFO	App starting
2025-11-21T20:24:25.059Z	INFO	DATABASE_URL env var found, skipping dbconfig...
2025-11-21T20:24:25.059Z	INFO	Starting HTTP server on :4000
2025-11-21T20:24:36.328Z	INFO	user login request: user
2025-11-21T20:24:36.497Z	INFO	Request complete	{"method": "POST", "path": "/login", "status": 200}
2025-11-21T20:24:48.380Z	INFO	Request complete	{"method": "GET", "path": "/applications", "status": 401}
2025-11-23T00:34:43.366Z	INFO	Logger constructed
2025-11-23T00:34:43.367Z	INFO	App starting
2025-11-23T00:34:43.367Z	INFO	DATABASE_URL env var found, skipping dbconfig...
2025-11-23T00:34:43.368Z	INFO	Starting HTTP server on :4000
2025-11-23T00:34:55.797Z	INFO	Request complete	{"method": "GET", "path": "/applications", "status": 401}
2025-11-23T00:35:16.121Z	INFO	user login request: user
2025-11-23T00:35:16.206Z	INFO	Request complete	{"method": "POST", "path": "/login", "status": 200}
2025-11-23T00:35:29.980Z	INFO	Request complete	{"method": "GET", "path": "/applications", "status": 401}
2025-11-23T00:35:38.821Z	INFO	Request complete	{"method": "GET", "path": "/applications", "status": 401}
2025-11-23T00:37:40.697Z	INFO	Request complete	{"method": "GET", "path": "/applications", "status": 401}
2025-11-23T00:38:36.671Z	INFO	Logger constructed
2025-11-23T00:38:36.671Z	INFO	App starting
2025-11-23T00:38:36.671Z	INFO	DATABASE_URL env var found, skipping dbconfig...
2025-11-23T00:38:36.671Z	INFO	Starting HTTP server on :4000
2025-11-23T00:39:02.675Z	INFO	Request complete	{"method": "GET", "path": "/applications", "status": 401}
2025-11-23T00:40:39.691Z	INFO	Logger constructed
2025-11-23T00:40:39.691Z	INFO	App starting
2025-11-23T00:40:39.691Z	INFO	DATABASE_URL env var found, skipping dbconfig...
2025-11-23T00:40:39.691Z	INFO	Starting HTTP server on :4000
2025-11-23T00:40:54.773Z	INFO	user login request: user
2025-11-23T00:40:54.925Z	INFO	Request complete	{"method": "POST", "path": "/login", "status": 200}
2025-11-23T00:41:00.285Z	INFO	Request complete	{"method": "GET", "path": "/applications", "status": 401}
2025-11-23T00:44:43.733Z	INFO	Logger constructed
2025-11-23T00:44:43.733Z	INFO	App starting
2025-11-23T00:44:43.733Z	INFO	DATABASE_URL env var found, skipping dbconfig...
2025-11-23T00:44:43.733Z	INFO	Starting HTTP server on :4000
2025-11-23T00:44:51.333Z	INFO	user login request: user
2025-11-23T00:44:51.475Z	INFO	Request complete	{"method": "POST", "path": "/login", "status": 200}
2025-11-23T00:44:56.313Z	INFO	Request complete	{"method": "GET", "path": "/applications", "status": 401}
2025-11-23T00:47:09.158Z	INFO	Logger constructed
2025-11-23T00:47:09.158Z	INFO	App starting
2025-11-23T00:47:09.158Z	INFO	DATABASE_URL env var found, skipping dbconfig...
2025-11-23T00:47:09.158Z	INFO	Starting HTTP server on :4000
2025-11-23T00:47:24.989Z	INFO	user login request: user
2025-11-23T00:47:25.155Z	INFO	Request complete	{"method": "POST", "path": "/login", "status": 200}
2025-11-23T00:47:30.086Z	INFO	Request complete	{"method": "GET", "path": "/applications", "status": 401}
2025-11-23T00:51:33.914Z	INFO	Logger constructed
2025-11-23T00:51:33.915Z	INFO	App starting
2025-11-23T00:51:33.915Z	INFO	DATABASE_URL env var found, skipping dbconfig...
2025-11-23T00:51:33.915Z	INFO	Starting HTTP server on :4000
2025-11-23T00:51:44.131Z	INFO	user login request: user
2025-11-23T00:51:44.263Z	INFO	Request complete	{"method": "POST", "path": "/login", "status": 200}
2025-11-23T00:51:48.823Z	INFO	Request complete	{"method": "GET", "path": "/applications", "status": 401}
2025-11-23T00:52:40.063Z	INFO	Request complete	{"method": "GET", "path": "/applications", "status": 401}
2025-11-23T00:52:47.420Z	INFO	Request complete	{"method": "GET", "path": "/applications", "status": 401}
2025-11-23T00:54:54.558Z	INFO	user login request: user
2025-11-23T00:54:54.594Z	INFO	Request complete	{"method": "POST", "path": "/login", "status": 200}
2025-11-23T00:54:58.654Z	INFO	Request complete	{"method": "GET", "path": "/applications", "status": 401}
2025-11-23T01:03:44.986Z	INFO	Request complete	{"method": "GET", "path": "/applications", "status": 401}
2025-11-23T01:03:50.314Z	INFO	Request complete	{"method": "GET", "path": "/applications", "status": 401}
2025-11-23T01:07:53.559Z	INFO	Logger constructed
2025-11-23T01:07:53.559Z	INFO	App starting
2025-11-23T01:07:53.559Z	INFO	DATABASE_URL env var found, skipping dbconfig...
2025-11-23T01:07:53.560Z	INFO	Starting HTTP server on :4000
2025-11-23T01:07:57.932Z	INFO	Request complete	{"method": "GET", "path": "/applications", "status": 401}
2025-11-23T01:08:28.228Z	INFO	user login request: user
2025-11-23T01:08:28.295Z	INFO	Request complete	{"method": "POST", "path": "/login", "status": 200}
2025-11-23T01:11:42.407Z	INFO	Logger constructed
2025-11-23T01:11:42.407Z	INFO	App starting
2025-11-23T01:11:42.407Z	INFO	DATABASE_URL env var found, skipping dbconfig...
2025-11-23T01:11:42.407Z	INFO	Starting HTTP server on :4000
2025-11-23T01:11:46.109Z	INFO	user login request: user
2025-11-23T01:11:46.323Z	INFO	Request complete	{"method": "POST", "path": "/login", "status": 200}
2025-11-23T01:11:59.991Z	INFO	Request complete	{"method": "GET", "path": "/applications", "status": 401}
2025-11-23T01:13:53.405Z	INFO	Logger constructed
2025-11-23T01:13:53.405Z	INFO	App starting
2025-11-23T01:13:53.405Z	INFO	DATABASE_URL env var found, skipping dbconfig...
2025-11-23T01:13:53.405Z	INFO	Starting HTTP server on :4000
2025-11-23T01:13:55.043Z	INFO	user login request: user
2025-11-23T01:13:55.195Z	INFO	Request complete	{"method": "POST", "path": "/login", "status": 200}
2025-11-23T01:13:59.637Z	INFO	Request complete	{"method": "GET", "path": "/applications", "status": 401}
2025-11-23T01:14:19.013Z	INFO	user login request: user
2025-11-23T01:14:19.077Z	INFO	Request complete	{"method": "POST", "path": "/login", "status": 200}
2025-11-23T01:18:17.740Z	INFO	Request complete	{"method": "GET", "path": "/applications", "status": 401}
2025-11-23T01:18:58.376Z	INFO	Logger constructed
2025-11-23T01:18:58.376Z	INFO	App starting
2025-11-23T01:18:58.376Z	INFO	DATABASE_URL env var found, skipping dbconfig...
2025-11-23T01:18:58.376Z	INFO	Starting HTTP server on :4000
2025-11-23T01:19:02.981Z	INFO	Request complete	{"method": "GET", "path": "/applications", "status": 401}
2025-11-23T01:21:00.768Z	INFO	user login request: user
2025-11-23T01:21:00.982Z	INFO	Request complete	{"method": "POST", "path": "/login", "status": 200}
2025-11-23T01:21:40.909Z	INFO	Request complete	{"method": "GET", "path": "/applications", "status": 401}
2025-11-23T01:23:07.418Z	INFO	user login request: user
2025-11-23T01:23:07.450Z	INFO	Request complete	{"method": "POST", "path": "/login", "status": 200}
2025-11-23T01:23:52.218Z	INFO	Request complete	{"method": "GET", "path": "/applications", "status": 401}
2025-11-23T01:24:39.650Z	INFO	Request complete	{"method": "GET", "path": "/applications", "status": 401}
2025-11-23T01:24:43.053Z	INFO	Request complete	{"method": "GET", "path": "/applications", "status": 401}
2025-11-23T01:37:49.198Z	INFO	Request complete	{"method": "GET", "path": "/applications", "status": 200}
2025-11-23T01:37:49.241Z	INFO	Request complete	{"method": "GET", "path": "/favicon.ico", "status": 404}
2025-11-23T01:40:24.509Z	INFO	Request complete	{"method": "GET", "path": "/applications", "status": 401}
2025-11-23T01:42:42.090Z	INFO	Request complete	{"method": "GET", "path": "/applications", "status": 200}
2025-11-23T01:44:13.922Z	INFO	Request complete	{"method": "GET", "path": "/applications", "status": 200}
2025-11-23T01:44:38.446Z	INFO	Request complete	{"method": "GET", "path": "/applications", "status": 401}
2025-11-23T01:44:41.044Z	INFO	Request complete	{"method": "GET", "path": "/applications", "status": 401}
2025-11-23T01:46:25.752Z	INFO	Request complete	{"method": "GET", "path": "/applications", "status": 200}
2025-11-23T01:46:52.134Z	INFO	Request complete	{"method": "GET", "path": "/applications", "status": 200}
2025-11-23T01:52:18.609Z	INFO	Request complete	{"method": "GET", "path": "/applications", "status": 200}
2025-11-23T01:53:22.589Z	INFO	Request complete	{"method": "GET", "path": "/applications", "status": 200}
2025-11-23T01:54:19.567Z	INFO	Request complete	{"method": "GET", "path": "/applications", "status": 200}
2025-11-23T01:54:55.395Z	INFO	Request complete	{"method": "GET", "path": "/applications", "status": 200}
2025-11-23T01:55:18.980Z	INFO	Request complete	{"method": "GET", "path": "/applications", "status": 200}
2025-11-23T01:55:24.432Z	INFO	Request complete	{"method": "GET", "path": "/applications", "status": 200}
2025-11-23T01:55:50.037Z	INFO	Request complete	{"method": "GET", "path": "/applications", "status": 200}
2025-11-23T01:56:05.757Z	INFO	user login request: user
2025-11-23T01:56:05.844Z	INFO	Request complete	{"method": "POST", "path": "/login", "status": 200}
2025-11-23T01:56:05.869Z	INFO	Request complete	{"method": "GET", "path": "/applications", "status": 200}
2025-11-23T01:56:53.486Z	INFO	Request complete	{"method": "GET", "path": "/applications", "status": 200}
2025-11-23T01:57:35.800Z	INFO	Request complete	{"method": "GET", "path": "/applications", "status": 200}
2025-11-23T01:57:39.988Z	INFO	Request complete	{"method": "GET", "path": "/applications", "status": 200}
2025-11-23T01:57:43.588Z	INFO	Request complete	{"method": "GET", "path": "/applications", "status": 200}
2025-11-23T01:58:07.446Z	INFO	Request complete	{"method": "GET", "path": "/applications", "status": 200}
2025-11-23T01:58:58.280Z	INFO	Request complete	{"method": "GET", "path": "/applications", "status": 200}
2025-11-23T01:59:59.245Z	INFO	Request complete	{"method": "GET", "path": "/applications", "status": 200}
2025-11-23T02:00:01.118Z	INFO	Request complete	{"method": "GET", "path": "/applications", "status": 200}
2025-11-23T02:00:44.345Z	INFO	Request complete	{"method": "GET", "path": "/applications", "status": 200}
2025-11-23T02:02:01.926Z	INFO	Request complete	{"method": "GET", "path": "/applications", "status": 200}
2025-11-23T02:07:37.156Z	INFO	Request complete	{"method": "GET", "path": "/applications", "status": 401}
2025-11-23T02:09:49.006Z	INFO	Request complete	{"method": "GET", "path": "/applications", "status": 200}
2025-11-23T02:10:10.880Z	INFO	Request complete	{"method": "GET", "path": "/applications", "status": 200}
2025-11-23T02:10:15.210Z	INFO	Request complete	{"method": "GET", "path": "/applications", "status": 200}
2025-11-23T02:10:34.562Z	INFO	Request complete	{"method": "GET", "path": "/applications", "status": 200}
2025-11-23T02:13:47.235Z	INFO	Request complete	{"method": "GET", "path": "/applications", "status": 200}
2025-11-23T02:13:57.956Z	INFO	Request complete	{"method": "GET", "path": "/applications", "status": 200}
2025-11-23T02:14:02.065Z	INFO	Request complete	{"method": "GET", "path": "/applications", "status": 200}
2025-11-23T02:14:15.234Z	INFO	Request complete	{"method": "GET", "path": "/applications", "status": 200}
2025-11-23T02:14:41.125Z	INFO	Request complete	{"method": "GET", "path": "/applications", "status": 200}
2025-11-23T02:15:29.854Z	INFO	Request complete	{"method": "GET", "path": "/applications", "status": 200}
2025-11-23T02:17:10.637Z	INFO	Request complete	{"method": "GET", "path": "/applications", "status": 200}
2025-11-23T02:17:38.230Z	INFO	Request complete	{"method": "GET", "path": "/applications", "status": 200}
2025-11-23T02:17:43.611Z	INFO	Request complete	{"method": "GET", "path": "/applications", "status": 200}
2025-11-23T02:17:49.451Z	INFO	Request complete	{"method": "GET", "path": "/applications", "status": 200}
2025-11-23T02:18:40.663Z	INFO	Request complete	{"method": "GET", "path": "/applications", "status": 200}
2025-11-23T02:18:47.052Z	INFO	Request complete	{"method": "GET", "path": "/applications", "status": 200}
2025-11-23T02:18:57.070Z	INFO	Request complete	{"method": "GET", "path": "/applications", "status": 200}
2025-11-23T02:20:10.510Z	INFO	Request complete	{"method": "GET", "path": "/applications", "status": 200}
2025-11-23T02:20:14.131Z	INFO	Request complete	{"method": "GET", "path": "/applications", "status": 200}
2025-11-23T02:20:25.080Z	INFO	Request complete	{"method": "GET", "path": "/applications", "status": 200}
2025-11-23T02:21:06.716Z	INFO	Request complete	{"method": "GET", "path": "/applications", "status": 200}
2025-11-23T02:21:20.099Z	INFO	Request complete	{"method": "GET", "path": "/applications", "status": 200}
2025-11-23T02:21:23.355Z	INFO	Request complete	{"method": "GET", "path": "/applications", "status": 200}
2025-11-23T02:21:28.009Z	INFO	Request complete	{"method": "GET", "path": "/applications", "status": 200}
2025-11-23T02:21:32.851Z	INFO	Request complete	{"method": "GET", "path": "/applications", "status": 200}
2025-11-23T02:21:51.735Z	INFO	Request complete	{"method": "GET", "path": "/applications", "status": 200}
2025-11-23T02:21:58.429Z	INFO	Request complete	{"method": "GET", "path": "/applications", "status": 200}
2025-11-23T02:22:04.091Z	INFO	Request complete	{"method": "GET", "path": "/applications", "status": 200}
2025-11-23T02:22:07.519Z	INFO	Request complete	{"method": "GET", "path": "/applications", "status": 200}
2025-11-23T02:22:33.712Z	INFO	Request complete	{"method": "GET", "path": "/applications", "status": 200}
2025-11-23T02:22:37.347Z	INFO	Request complete	{"method": "GET", "path": "/applications", "status": 200}
2025-11-23T02:22:38.637Z	INFO	Request complete	{"method": "GET", "path": "/applications", "status": 200}
2025-11-23T02:22:52.037Z	INFO	Request complete	{"method": "GET", "path": "/applications", "status": 200}
2025-11-23T02:22:56.821Z	INFO	Request complete	{"method": "GET", "path": "/applications", "status": 200}
2025-11-23T02:23:02.956Z	INFO	Request complete	{"method": "GET", "path": "/applications", "status": 200}
2025-11-23T02:23:04.997Z	INFO	Request complete	{"method": "GET", "path": "/applications", "status": 200}
2025-11-23T02:23:16.260Z	INFO	Request complete	{"method": "GET", "path": "/applications", "status": 200}
2025-11-23T02:23:24.411Z	INFO	Request complete	{"method": "GET", "path": "/applications", "status": 200}
2025-11-23T02:23:39.060Z	INFO	Request complete	{"method": "GET", "path": "/applications", "status": 200}
2025-11-23T02:23:51.696Z	INFO	Request complete	{"method": "GET", "path": "/applications", "status": 200}
2025-11-23T02:23:54.987Z	INFO	Request complete	{"method": "GET", "path": "/applications", "status": 200}
2025-11-23T02:24:16.743Z	INFO	Request complete	{"method": "GET", "path": "/applications", "status": 200}
2025-11-23T02:24:21.138Z	INFO	Request complete	{"method": "GET", "path": "/applications", "status": 200}
2025-11-23T02:24:45.676Z	INFO	Request complete	{"method": "GET", "path": "/applications", "status": 200}
2025-11-23T02:24:48.135Z	INFO	Request complete	{"method": "GET", "path": "/applications", "status": 200}
2025-11-23T02:25:38.133Z	INFO	Request complete	{"method": "GET", "path": "/applications", "status": 200}
2025-11-23T02:25:58.634Z	INFO	Request complete	{"method": "GET", "path": "/applications", "status": 200}
2025-11-23T02:26:04.891Z	INFO	Request complete	{"method": "GET", "path": "/applications", "status": 200}
2025-11-23T02:26:07.082Z	INFO	Request complete	{"method": "GET", "path": "/applications", "status": 200}
2025-11-23T02:26:20.929Z	INFO	Request complete	{"method": "GET", "path": "/applications", "status": 200}
2025-11-23T02:26:27.625Z	INFO	Request complete	{"method": "GET", "path": "/applications", "status": 200}
2025-11-23T02:26:51.115Z	INFO	Request complete	{"method": "GET", "path": "/applications", "status": 200}
2025-11-23T02:27:03.835Z	INFO	Request complete	{"method": "GET", "path": "/applications", "status": 200}
2025-11-23T02:33:44.851Z	INFO	Request complete	{"method": "GET", "path": "/applications", "status": 200}
2025-11-23T02:33:47.955Z	INFO	Request complete	{"method": "GET", "path": "/applications", "status": 200}
2025-11-23T02:33:56.026Z	INFO	Request complete	{"method": "GET", "path": "/applications", "status": 401}
2025-11-23T02:34:06.751Z	INFO	Request complete	{"method": "GET", "path": "/applications", "status": 200}
2025-11-23T02:34:12.256Z	INFO	Request complete	{"method": "GET", "path": "/applications", "status": 200}
2025-11-23T02:34:20.413Z	INFO	Request complete	{"method": "GET", "path": "/applications", "status": 200}
2025-11-23T02:35:45.977Z	INFO	Request complete	{"method": "GET", "path": "/applications", "status": 200}
2025-11-23T02:35:58.705Z	INFO	Request complete	{"method": "GET", "path": "/applications", "status": 200}
2025-11-23T02:36:05.275Z	INFO	Request complete	{"method": "GET", "path": "/applications", "status": 200}
2025-11-23T02:36:13.214Z	INFO	Request complete	{"method": "GET", "path": "/applications", "status": 200}
2025-11-23T02:36:35.176Z	INFO	Request complete	{"method": "GET", "path": "/applications", "status": 200}
2025-11-23T02:36:52.984Z	INFO	Request complete	{"method": "GET", "path": "/applications", "status": 200}
2025-11-23T02:38:15.458Z	INFO	Request complete	{"method": "GET", "path": "/applications", "status": 200}
2025-11-23T02:38:22.252Z	INFO	Request complete	{"method": "GET", "path": "/applications", "status": 200}
2025-11-23T02:38:26.706Z	INFO	Request complete	{"method": "GET", "path": "/applications", "status": 200}
2025-11-23T02:38:35.340Z	INFO	Request complete	{"method": "GET", "path": "/applications", "status": 200}
2025-11-23T02:38:41.150Z	INFO	Request complete	{"method": "GET", "path": "/applications", "status": 200}
2025-11-23T02:38:47.464Z	INFO	Request complete	{"method": "GET", "path": "/applications", "status": 200}
2025-11-23T02:38:49.435Z	INFO	Request complete	{"method": "GET", "path": "/applications", "status": 200}
2025-11-23T02:38:52.263Z	INFO	Request complete	{"method": "GET", "path": "/applications", "status": 200}
2025-11-23T02:38:55.905Z	INFO	Request complete	{"method": "GET", "path": "/applications", "status": 200}
2025-11-23T02:38:57.334Z	INFO	Request complete	{"method": "GET", "path": "/applications", "status": 200}
2025-11-23T02:39:03.957Z	INFO	Request complete	{"method": "GET", "path": "/applications", "status": 200}
2025-11-23T02:39:36.364Z	INFO	Request complete	{"method": "GET", "path": "/applications", "status": 200}
2025-11-23T02:39:41.784Z	INFO	Request complete	{"method": "GET", "path": "/applications", "status": 200}
2025-11-23T02:39:46.863Z	INFO	Request complete	{"method": "GET", "path": "/applications", "status": 200}
2025-11-23T02:39:49.359Z	INFO	Request complete	{"method": "GET", "path": "/applications", "status": 200}
2025-11-23T02:40:08.413Z	INFO	Request complete	{"method": "GET", "path": "/applications", "status": 200}
2025-11-23T02:40:12.954Z	INFO	Request complete	{"method": "GET", "path": "/applications", "status": 200}
2025-11-23T02:40:14.887Z	INFO	Request complete	{"method": "GET", "path": "/applications", "status": 200}
2025-11-23T02:40:17.809Z	INFO	Request complete	{"method": "GET", "path": "/applications", "status": 200}
2025-11-23T02:40:20.527Z	INFO	Request complete	{"method": "GET", "path": "/applications", "status": 200}
2025-11-23T02:40:21.164Z	INFO	Request complete	{"method": "GET", "path": "/applications", "status": 200}
2025-11-23T02:40:25.981Z	INFO	Request complete	{"method": "GET", "path": "/applications", "status": 200}
2025-11-23T02:40:30.043Z	INFO	Request complete	{"method": "GET", "path": "/applications", "status": 200}
2025-11-23T02:40:31.431Z	INFO	Request complete	{"method": "GET", "path": "/applications", "status": 200}
2025-11-23T02:40:34.508Z	INFO	Request complete	{"method": "GET", "path": "/applications", "status": 200}
2025-11-23T02:40:50.960Z	INFO	Request complete	{"method": "GET", "path": "/applications", "status": 200}
2025-11-23T02:42:21.597Z	INFO	Request complete	{"method": "GET", "path": "/applications", "status": 200}
2025-11-23T02:42:31.330Z	INFO	Request complete	{"method": "GET", "path": "/applications", "status": 200}
2025-11-23T02:42:36.320Z	INFO	Request complete	{"method": "GET", "path": "/applications", "status": 200}
2025-11-23T02:42:38.173Z	INFO	Request complete	{"method": "GET", "path": "/applications", "status": 200}
2025-11-23T02:42:52.677Z	INFO	Request complete	{"method": "GET", "path": "/applications", "status": 200}
2025-11-23T02:42:55.671Z	INFO	Request complete	{"method": "GET", "path": "/applications", "status": 200}
2025-11-23T02:43:49.972Z	INFO	Request complete	{"method": "GET", "path": "/applications", "status": 200}
2025-11-23T02:44:28.074Z	INFO	Request complete	{"method": "GET", "path": "/applications", "status": 200}
2025-11-23T02:44:38.594Z	INFO	Request complete	{"method": "GET", "path": "/applications", "status": 200}
2025-11-23T02:44:40.527Z	INFO	Request complete	{"method": "GET", "path": "/applications", "status": 200}
2025-11-23T02:44:44.762Z	INFO	Request complete	{"method": "GET", "path": "/applications", "status": 200}
2025-11-23T02:44:53.126Z	INFO	Request complete	{"method": "GET", "path": "/applications", "status": 200}
2025-11-23T02:44:54.569Z	INFO	Request complete	{"method": "GET", "path": "/applications", "status": 200}
2025-11-23T02:45:03.256Z	INFO	Request complete	{"method": "GET", "path": "/applications", "status": 200}
2025-11-23T02:45:05.921Z	INFO	Request complete	{"method": "GET", "path": "/applications", "status": 200}
2025-11-23T02:45:10.092Z	INFO	Request complete	{"method": "GET", "path": "/applications", "status": 200}
2025-11-23T02:45:31.021Z	INFO	Request complete	{"method": "GET", "path": "/applications", "status": 200}
2025-11-23T02:46:41.412Z	INFO	Request complete	{"method": "GET", "path": "/applications", "status": 200}
2025-11-23T02:47:17.777Z	INFO	Request complete	{"method": "GET", "path": "/applications", "status": 200}
2025-11-23T02:49:33.943Z	INFO	Request complete	{"method": "GET", "path": "/applications", "status": 200}
2025-11-23T02:49:48.254Z	INFO	Request complete	{"method": "GET", "path": "/applications", "status": 200}
2025-11-23T02:49:53.495Z	INFO	Request complete	{"method": "GET", "path": "/applications", "status": 200}
2025-11-23T02:49:59.513Z	INFO	Request complete	{"method": "GET", "path": "/applications", "status": 200}
2025-11-23T02:50:18.712Z	INFO	Request complete	{"method": "GET", "path": "/applications", "status": 200}
2025-11-23T02:50:22.317Z	INFO	Request complete	{"method": "GET", "path": "/applications", "status": 200}
2025-11-23T02:50:23.749Z	INFO	Request complete	{"method": "GET", "path": "/applications", "status": 200}
2025-11-23T02:50:29.188Z	INFO	Request complete	{"method": "GET", "path": "/applications", "status": 200}
2025-11-23T02:50:37.301Z	INFO	Request complete	{"method": "GET", "path": "/applications", "status": 200}
2025-11-23T02:50:52.635Z	INFO	Request complete	{"method": "GET", "path": "/applications", "status": 200}
2025-11-23T02:50:58.288Z	INFO	Request complete	{"method": "GET", "path": "/applications", "status": 200}
2025-11-23T02:51:01.520Z	INFO	Request complete	{"method": "GET", "path": "/applications", "status": 200}
2025-11-23T02:51:23.779Z	INFO	Request complete	{"method": "GET", "path": "/applications", "status": 200}
2025-11-23T02:52:44.425Z	INFO	user login request: user
2025-11-23T02:52:44.565Z	INFO	Request complete	{"method": "POST", "path": "/login", "status": 200}
2025-11-23T02:54:56.439Z	INFO	Logger constructed
2025-11-23T02:54:56.439Z	INFO	App starting
2025-11-23T02:54:56.439Z	INFO	DATABASE_URL env var found, skipping dbconfig...
2025-11-23T02:54:56.439Z	INFO	Starting HTTP server on :4000
2025-11-23T02:55:03.936Z	INFO	user login request: user
2025-11-23T02:55:04.113Z	INFO	Request complete	{"method": "POST", "path": "/login", "status": 200}
2025-11-23T02:55:18.424Z	INFO	user login request: user
2025-11-23T02:55:18.469Z	INFO	Request complete	{"method": "POST", "path": "/login", "status": 200}
2025-11-23T02:55:18.520Z	INFO	Request complete	{"method": "GET", "path": "/applications", "status": 200}
2025-11-23T02:55:41.939Z	INFO	Request complete	{"method": "GET", "path": "/applications", "status": 401}
2025-11-23T02:56:03.031Z	INFO	user login request: user
2025-11-23T02:56:03.067Z	INFO	Request complete	{"method": "POST", "path": "/login", "status": 200}
2025-11-23T03:00:15.472Z	INFO	Logger constructed
2025-11-23T03:00:15.472Z	INFO	App starting
2025-11-23T03:00:15.472Z	INFO	DATABASE_URL env var found, skipping dbconfig...
2025-11-23T03:00:15.472Z	INFO	Starting HTTP server on :4000
2025-11-23T03:00:24.324Z	INFO	user login request: user
2025-11-23T03:00:24.462Z	INFO	Request complete	{"method": "POST", "path": "/login", "status": 200}
2025-11-23T03:00:24.497Z	INFO	Request complete	{"method": "GET", "path": "/applications", "status": 401}
2025-11-23T03:00:35.903Z	INFO	user login request: user
2025-11-23T03:00:35.950Z	INFO	Request complete	{"method": "POST", "path": "/login", "status": 200}
2025-11-23T03:00:35.981Z	INFO	Request complete	{"method": "GET", "path": "/applications", "status": 401}
2025-11-23T03:01:36.496Z	INFO	Request complete	{"method": "GET", "path": "/applications", "status": 401}
2025-11-23T03:01:50.778Z	INFO	user login request: user
2025-11-23T03:01:50.808Z	INFO	Request complete	{"method": "POST", "path": "/login", "status": 200}
2025-11-23T03:01:50.857Z	INFO	Request complete	{"method": "GET", "path": "/applications", "status": 401}
2025-11-23T03:02:28.030Z	INFO	user login request: user
2025-11-23T03:02:28.064Z	INFO	Request complete	{"method": "POST", "path": "/login", "status": 200}
2025-11-23T03:02:28.093Z	INFO	Request complete	{"method": "GET", "path": "/applications", "status": 401}
2025-11-23T03:02:57.467Z	INFO	user login request: user
2025-11-23T03:02:57.502Z	INFO	Request complete	{"method": "POST", "path": "/login", "status": 200}
2025-11-23T03:02:57.551Z	INFO	Request complete	{"method": "GET", "path": "/applications", "status": 401}
2025-11-23T03:03:58.778Z	INFO	user login request: user
2025-11-23T03:03:58.806Z	INFO	Request complete	{"method": "POST", "path": "/login", "status": 200}
2025-11-23T03:03:58.854Z	INFO	Request complete	{"method": "GET", "path": "/applications", "status": 200}
2025-11-23T03:04:12.863Z	INFO	user login request: user
2025-11-23T03:04:12.898Z	INFO	Request complete	{"method": "POST", "path": "/login", "status": 200}
2025-11-23T03:04:12.937Z	INFO	Request complete	{"method": "GET", "path": "/applications", "status": 200}
2025-11-23T03:04:20.616Z	INFO	user login request: user
2025-11-23T03:04:20.663Z	INFO	Request complete	{"method": "POST", "path": "/login", "status": 200}
2025-11-23T03:04:20.696Z	INFO	Request complete	{"method": "GET", "path": "/applications", "status": 401}
2025-11-23T03:04:52.161Z	INFO	user login request: user
2025-11-23T03:04:52.194Z	INFO	Request complete	{"method": "POST", "path": "/login", "status": 200}
2025-11-23T03:04:52.224Z	INFO	Request complete	{"method": "GET", "path": "/applications", "status": 401}
2025-11-23T03:05:15.400Z	INFO	user login request: user
2025-11-23T03:05:15.437Z	INFO	Request complete	{"method": "POST", "path": "/login", "status": 200}
2025-11-23T03:05:15.533Z	INFO	Request complete	{"method": "GET", "path": "/applications", "status": 401}
2025-11-23T03:05:59.124Z	INFO	Request complete	{"method": "GET", "path": "/applications", "status": 200}
2025-11-23T03:05:59.156Z	INFO	Request complete	{"method": "GET", "path": "/applications", "status": 200}
2025-11-23T03:06:05.635Z	INFO	user login request: user
2025-11-23T03:06:05.667Z	INFO	Request complete	{"method": "POST", "path": "/login", "status": 200}
2025-11-23T03:06:05.710Z	INFO	Request complete	{"method": "GET", "path": "/applications", "status": 401}
2025-11-23T03:06:40.993Z	INFO	Logger constructed
2025-11-23T03:06:40.993Z	INFO	App starting
2025-11-23T03:06:40.993Z	INFO	DATABASE_URL env var found, skipping dbconfig...
2025-11-23T03:06:40.994Z	INFO	Starting HTTP server on :4000
2025-11-23T03:06:44.408Z	INFO	user login request: user
2025-11-23T03:06:44.568Z	INFO	Request complete	{"method": "POST", "path": "/login", "status": 200}
2025-11-23T03:06:44.605Z	INFO	Request complete	{"method": "GET", "path": "/applications", "status": 401}
2025-11-23T03:07:11.346Z	INFO	user login request: user
2025-11-23T03:07:11.396Z	INFO	Request complete	{"method": "POST", "path": "/login", "status": 200}
2025-11-23T03:07:11.428Z	INFO	Request complete	{"method": "GET", "path": "/applications", "status": 401}
2025-11-23T03:07:46.797Z	INFO	user login request: user
2025-11-23T03:07:46.826Z	INFO	Request complete	{"method": "POST", "path": "/login", "status": 200}
2025-11-23T03:07:46.849Z	INFO	Request complete	{"method": "GET", "path": "/applications", "status": 401}
2025-11-23T03:08:00.262Z	INFO	user login request: user
2025-11-23T03:08:00.298Z	INFO	Request complete	{"method": "POST", "path": "/login", "status": 200}
2025-11-23T03:08:00.325Z	INFO	Request complete	{"method": "GET", "path": "/applications", "status": 401}
2025-11-23T03:08:20.266Z	INFO	Logger constructed
2025-11-23T03:08:20.266Z	INFO	App starting
2025-11-23T03:08:20.266Z	INFO	DATABASE_URL env var found, skipping dbconfig...
2025-11-23T03:08:20.266Z	INFO	Starting HTTP server on :4000
2025-11-23T03:08:24.145Z	INFO	user login request: user
2025-11-23T03:08:24.344Z	INFO	Request complete	{"method": "POST", "path": "/login", "status": 200}
2025-11-23T03:08:24.380Z	INFO	Request complete	{"method": "GET", "path": "/applications", "status": 401}
2025-11-23T03:08:45.868Z	INFO	user login request: user
2025-11-23T03:08:45.923Z	INFO	Request complete	{"method": "POST", "path": "/login", "status": 200}
2025-11-23T03:08:45.961Z	INFO	Request complete	{"method": "GET", "path": "/applications", "status": 401}
2025-11-23T03:09:16.042Z	INFO	user login request: user
2025-11-23T03:09:16.071Z	INFO	Request complete	{"method": "POST", "path": "/login", "status": 200}
2025-11-23T03:09:16.169Z	INFO	Request complete	{"method": "GET", "path": "/applications", "status": 401}
2025-11-23T03:09:30.679Z	INFO	user login request: user
2025-11-23T03:09:30.716Z	INFO	Request complete	{"method": "POST", "path": "/login", "status": 200}
2025-11-23T03:09:30.745Z	INFO	Request complete	{"method": "GET", "path": "/applications", "status": 401}
2025-11-23T03:12:11.727Z	INFO	user login request: user
2025-11-23T03:12:11.883Z	INFO	Request complete	{"method": "POST", "path": "/login", "status": 200}
2025-11-23T03:12:11.989Z	INFO	Request complete	{"method": "GET", "path": "/applications", "status": 200}
2025-11-23T03:12:17.578Z	INFO	user login request: user
2025-11-23T03:12:17.607Z	INFO	Request complete	{"method": "POST", "path": "/login", "status": 200}
2025-11-23T03:12:17.658Z	INFO	Request complete	{"method": "GET", "path": "/applications", "status": 401}
2025-11-23T03:16:24.769Z	INFO	Logger constructed
2025-11-23T03:16:24.769Z	INFO	App starting
2025-11-23T03:16:24.769Z	INFO	DATABASE_URL env var found, skipping dbconfig...
2025-11-23T03:16:24.769Z	INFO	Starting HTTP server on :4000
2025-11-23T03:16:49.615Z	INFO	Request complete	{"method": "GET", "path": "/applications", "status": 401}
2025-11-23T03:16:49.621Z	INFO	Request complete	{"method": "GET", "path": "/applications", "status": 401}
2025-11-23T03:16:49.660Z	INFO	Request complete	{"method": "GET", "path": "/applications", "status": 401}
2025-11-23T03:16:49.744Z	INFO	Request complete	{"method": "GET", "path": "/applications", "status": 401}
2025-11-23T03:16:59.803Z	INFO	user login request: user
2025-11-23T03:16:59.870Z	INFO	Request complete	{"method": "POST", "path": "/login", "status": 200}
2025-11-23T03:16:59.903Z	INFO	Request complete	{"method": "GET", "path": "/applications", "status": 401}
2025-11-23T03:17:15.056Z	INFO	user login request: user
2025-11-23T03:17:15.109Z	INFO	Request complete	{"method": "POST", "path": "/login", "status": 200}
2025-11-23T03:17:15.151Z	INFO	Request complete	{"method": "GET", "path": "/applications", "status": 401}
2025-11-23T03:17:59.204Z	INFO	Logger constructed
2025-11-23T03:17:59.204Z	INFO	App starting
2025-11-23T03:17:59.204Z	INFO	DATABASE_URL env var found, skipping dbconfig...
2025-11-23T03:17:59.204Z	INFO	Starting HTTP server on :4000
2025-11-23T03:18:05.343Z	INFO	user login request: user
2025-11-23T03:18:05.475Z	INFO	Request complete	{"method": "POST", "path": "/login", "status": 200}
2025-11-23T03:18:05.506Z	INFO	Request complete	{"method": "GET", "path": "/applications", "status": 401}
2025-11-23T03:18:58.507Z	INFO	Logger constructed
2025-11-23T03:18:58.507Z	INFO	App starting
2025-11-23T03:18:58.507Z	INFO	DATABASE_URL env var found, skipping dbconfig...
2025-11-23T03:18:58.507Z	INFO	Starting HTTP server on :4000
2025-11-23T03:19:07.247Z	INFO	user login request: user
2025-11-23T03:19:07.386Z	INFO	Request complete	{"method": "POST", "path": "/login", "status": 200}
2025-11-23T03:19:07.421Z	INFO	Request complete	{"method": "GET", "path": "/applications", "status": 401}
2025-11-23T03:22:35.612Z	INFO	Logger constructed
2025-11-23T03:22:35.612Z	INFO	App starting
2025-11-23T03:22:35.613Z	INFO	DATABASE_URL env var found, skipping dbconfig...
2025-11-23T03:22:35.613Z	INFO	Starting HTTP server on :4000
2025-11-23T03:22:45.227Z	INFO	user login request: user
2025-11-23T03:22:45.379Z	INFO	Request complete	{"method": "POST", "path": "/login", "status": 200}
2025-11-23T03:22:45.423Z	INFO	Request complete	{"method": "GET", "path": "/applications", "status": 401}
2025-11-23T03:24:49.345Z	INFO	user login request: user
2025-11-23T03:24:49.377Z	INFO	Request complete	{"method": "POST", "path": "/login", "status": 200}
2025-11-23T03:24:49.457Z	INFO	Request complete	{"method": "GET", "path": "/applications", "status": 401}
2025-11-23T03:25:05.016Z	INFO	Logger constructed
2025-11-23T03:25:05.016Z	INFO	App starting
2025-11-23T03:25:05.016Z	INFO	DATABASE_URL env var found, skipping dbconfig...
2025-11-23T03:25:05.016Z	INFO	Starting HTTP server on :4000
2025-11-23T03:25:14.439Z	INFO	user login request: user
2025-11-23T03:25:14.612Z	INFO	Request complete	{"method": "POST", "path": "/login", "status": 200}
2025-11-23T03:25:14.648Z	INFO	Request complete	{"method": "GET", "path": "/applications", "status": 401}
2025-11-23T03:25:37.968Z	INFO	user login request: user
2025-11-23T03:25:38.019Z	INFO	Request complete	{"method": "POST", "path": "/login", "status": 200}
2025-11-23T03:25:38.055Z	INFO	Request complete	{"method": "GET", "path": "/applications", "status": 401}
2025-11-23T03:25:44.830Z	INFO	Logger constructed
2025-11-23T03:25:44.830Z	INFO	App starting
2025-11-23T03:25:44.830Z	INFO	DATABASE_URL env var found, skipping dbconfig...
2025-11-23T03:25:44.830Z	INFO	Starting HTTP server on :4000
2025-11-23T03:25:53.354Z	INFO	user login request: user
2025-11-23T03:25:53.503Z	INFO	Request complete	{"method": "POST", "path": "/login", "status": 200}
2025-11-23T03:25:53.546Z	INFO	Request complete	{"method": "GET", "path": "/applications", "status": 200}
2025-11-23T03:31:04.395Z	INFO	Request complete	{"method": "GET", "path": "/applications", "status": 200}
2025-11-23T03:32:43.246Z	INFO	user login request: user
2025-11-23T03:32:43.303Z	INFO	Request complete	{"method": "POST", "path": "/login", "status": 200}
2025-11-23T03:32:43.327Z	INFO	Request complete	{"method": "GET", "path": "/applications", "status": 200}
2025-11-23T03:32:48.580Z	INFO	Request complete	{"method": "GET", "path": "/applications", "status": 200}
